N1-containment-while-target-outside-the-volume CAUGHT (1 tests)
N2-entering-after-the-decision-is-retroactively-neutralized CAUGHT (1 tests)
N3-reload-replays-the-neutralization-event CAUGHT (1 tests)
N4-reload-grants-the-encounter-reward-again CAUGHT (2 tests)
N5-neutralized-actor-resumes-hostile-behaviour-when-remade CAUGHT (1 tests)
N6-saved-wounded-creature-restores-at-full-health CAUGHT (1 tests)
N7-save-reload-in-alerted-or-search-returns-to-calm CAUGHT (2 tests)
N8-pehlichi-lure-bypasses-ambient-masking CAUGHT (1 tests)
N9-health-never-written-through CAUGHT (1 tests)
N10-streaming-does-not-count-the-time-away CAUGHT (1 tests)
N11-position-not-restored-it-reappears-at-home CAUGHT (1 tests)
N12-an-unpresented-model-cannot-hear CAUGHT (1 tests)
N13-neutralized-recorded-as-defeated CAUGHT (2 tests)
N14-neutralization-through-a-fake-damage-event CAUGHT (1 tests)
N15-susceptibility-ignored CAUGHT (1 tests)
N16-mechanism-state-not-saved CAUGHT (1 tests)
N17-mask-judged-at-the-source-not-the-listener CAUGHT (1 tests)
N18-ambient-duty-cycle-ignored CAUGHT (1 tests)
N19-idle-creature-keeps-its-own-navigation CAUGHT (3 tests)
N20-creatures-in-a-region-keep-their-own-navigation CAUGHT (1 tests)
N21-stale-tile-sweep-disabled CAUGHT (1 tests)
N22-mechanism-restore-replays-its-effects CAUGHT (1 tests)
RESULT: PASS 22/22 planted defects caught
