  dense-crossing-straight.json: done
  1 result(s) checked against budgets.json: within budget
RESULT: PASS crossing runs finished (Saved/Perf/dense-*)
group=[straight] attempt=1 load start=2.61 end=3.56 gpu-before=0
  dense-crossing-reversal.json: done
  2 result(s) checked against budgets.json: within budget
RESULT: PASS crossing runs finished (Saved/Perf/dense-*)
group=[reversal] attempt=1 load start=2.68 end=4.99 gpu-before=0
  dense-crossing-sprint.json: done
  3 result(s) checked against budgets.json: within budget
RESULT: PASS crossing runs finished (Saved/Perf/dense-*)
group=[sprint] attempt=1 load start=2.78 end=2.97 gpu-before=0
  dense-crossing-teleport.json: done
  dense-crossing-resume.json: done
  5 result(s) checked against budgets.json: within budget
RESULT: PASS crossing runs finished (Saved/Perf/dense-*)
group=[teleport resume] attempt=1 load start=2.74 end=4.81 gpu-before=0
  dense-roundtrips.json: done
  6 result(s) checked against budgets.json: within budget
RESULT: PASS crossing runs finished (Saved/Perf/dense-*)
group=[roundtrips] attempt=1 load start=2.88 end=4.97 gpu-before=0
  6 result(s) checked against budgets.json: within budget
QUIETDONE PASS
