B1-yaw-quantized-to-quarter-turns RUN DIED (no new test report): not a catch
B2-oriented-overlap-falls-back-to-boxes CAUGHT (3 test(s) by assertion)
     Gridlands.Core.BuildingV1.AngledPolygonsCloseBySnappingAlone: Expected 'buildpiece.modern.angle_post_l45: the polygon closes (gap 889.0353 cm)' to be true.
     Gridlands.Game.BuildingV1.WinchesterHouseFrameFinishCollapseAndPersistence: Expected 'framed (with the 45 degree bay)' to be true.
     Gridlands.Game.Grid.PlayerConstructionStreamsWholeAndAFallResumes: Expected 'frame' to be true.
B3-terrain-footprint-is-the-box-not-the-piece CAUGHT (1 test(s) by assertion)
     Gridlands.Core.BuildingV1.OverlapAndFootprintsAreOriented: Expected 'a corner of its enclosing box is not (it is outside the rotated square)' to be false.
B4-socket-facing-ignored-when-linking CAUGHT (1 test(s) by assertion)
     Gridlands.Core.BuildingV1.FacingSocketsLinkOnlyWhenTheyFaceEachOther: Expected 'but it does not link, so nothing holds it' to be true.
B5-snap-ignores-socket-facing RUN DIED (no new test report): not a catch
B6-sockets-rotated-by-the-nearest-quarter-turn CAUGHT (4 test(s) by assertion)
     Gridlands.Core.BuildingV1.AngledPolygonsCloseBySnappingAlone: Expected 'buildpiece.modern.angle_post_l225: the polygon closes (gap 1620.0000 cm)' to be true.
     Gridlands.Core.BuildingV1.APlanRebuiltAt45DegreesIsTheSameBuilding: Expected 'the same socket relationships (removing it drops the same pieces)' to be 9, but it was 0.
     Gridlands.Game.BuildingV1.WinchesterHouseFrameFinishCollapseAndPersistence: Expected 'framed (with the 45 degree bay)' to be true.
     Gridlands.Game.Grid.PlayerConstructionStreamsWholeAndAFallResumes: Expected 'frame' to be true.
B7-drop-impact-on-world-axes CAUGHT (1 test(s) by assertion)
     Gridlands.Core.BuildingV1.ACollapseAtAngleUsesThePiecesOwnAxes: Expected 'the drop's impact volume is on the piece's 45 degree axes' to be true.
B8-preview-is-a-parallel-two-state-estimate CAUGHT (1 test(s) by assertion)
     Gridlands.Game.Building.PreviewColoursAndRemovalPredictionsAreTheCommitsOwn: storey 3 previews as expected: The two values are not equal.
B9-yellow-threshold-off-by-one-step CAUGHT (2 test(s) by assertion)
     Gridlands.Core.BuildingV1.PreviewIsTheCommitsOwnRule: wall 3 (support 0.75, step 0.75): The two values are not equal.
     Gridlands.Game.Building.PreviewColoursAndRemovalPredictionsAreTheCommitsOwn: storey 3 previews as expected: The two values are not equal.
B10-removal-preview-misses-transitive-dependents CAUGHT (1 test(s) by assertion)
     Gridlands.Game.Building.PreviewColoursAndRemovalPredictionsAreTheCommitsOwn: removing the floor predicts every wall above it, transitively: The two values are not equal.
B11-finish-changes-support CAUGHT (2 test(s) by assertion)
     Gridlands.Game.BuildingV1.WinchesterHouseFrameFinishCollapseAndPersistence: Expected 'every WINCHESTER check holds [finishing changed no support: ] ' to be true.
     Gridlands.Game.Grid.PlayerConstructionStreamsWholeAndAFallResumes: Expected 'every WINCHESTER check so far holds' to be true.
B12-finish-on-a-form-that-refuses-it CAUGHT (1 test(s) by assertion)
     Gridlands.Core.BuildingV1.FrameThenFinishAndElectricalIsRegisteredNotBuilt: a log wall is complete as built: The two values are not equal.
B13-electrical-marked-implemented RUN DIED (no new test report): not a catch
B14-player-removal-deletes-what-falls-v0-style CAUGHT (4 test(s) by assertion)
     Gridlands.Game.Building.RemovalCollapsesByTheCanonicalRulesAsPredicted: Expected 'the roof is debris (a collapse, not a refund)' to be true.
     Gridlands.Game.BuildingV1.BaseStorageClaimsAndContainersNeverLoseAnything: Expected 'its contents stay with its debris' to be true.
     Gridlands.Game.BuildingV1.WinchesterHouseFrameFinishCollapseAndPersistence: Expected 'porch post out, then the Roman column: the predicted roof falls' to be true.
     Gridlands.Game.Grid.PlayerConstructionStreamsWholeAndAFallResumes: Expected 'porch collapse decided' to be true.
B15-player-fall-in-flight-not-saved CAUGHT (2 test(s) by assertion)
     Gridlands.Game.BuildingV1.WinchesterHouseFrameFinishCollapseAndPersistence: Expected 'the fall resumes (SUPPORT FAILURE != IMPACT survives a restart)' to be 1, but it was 0.
     Gridlands.Game.Grid.PlayerConstructionStreamsWholeAndAFallResumes: Expected 'the fall resumes' to be 1, but it was 0.
B16-player-origin-not-saved SURVIVED
B17-layers-not-saved CAUGHT (2 test(s) by assertion)
     Gridlands.Game.BuildingV1.WinchesterHouseFrameFinishCollapseAndPersistence: Expected 'every piece, yaw, layer, content and owner is back exactly' to be "52 pieces (0 debris, 24 layers, 52 player-owned) crc cc183b2b", but
     Gridlands.Game.Grid.PlayerConstructionStreamsWholeAndAFallResumes: Expected 'back: every piece, yaw, layer, content and owner exactly as left' to be "50 pieces (1 debris, 24 layers, 50 player-owned) crc ceb54760", but it
B18-restore-presents-synchronously CAUGHT (2 test(s) by assertion)
     Gridlands.Game.Building.ShelterFromInventoryPersistsAcrossReload: Expected 'P11: restored pieces are presented over frames, not synchronously' to be 0, but it was 16.
     Gridlands.Game.BuildingV1.ThreeHundredPiecesScaleLinearly: Expected 'restoreMs at 300 pieces stays under 10 ms (77.969)' to be true.
B19-careful-dismantle-pays-the-collapse-path CAUGHT (2 test(s) by assertion)
     Gridlands.Game.Building.RemovalCollapsesByTheCanonicalRulesAsPredicted: Expected 'careful dismantling recovers intact studs' to be 5, but it was 0.
     Gridlands.Game.BuildingV1.WinchesterHouseFrameFinishCollapseAndPersistence: Expected 'every WINCHESTER check holds [careful dismantle of the interior wall: intact studs (and its clapboard back as boards): scrap_timber 7]
B20-debris-salvages-by-the-careful-path CAUGHT (2 test(s) by assertion)
     Gridlands.Game.BuildingV1.BaseStorageClaimsAndContainersNeverLoseAnything: Expected 'with the crate's own collapse scrap' to be true.
     Gridlands.Game.BuildingV1.WinchesterHouseFrameFinishCollapseAndPersistence: Expected 'into scrap (collapse path)' to be true.
B21-smash-equals-careful CAUGHT (2 test(s) by assertion)
     Gridlands.Core.BuildingV1.CarefulBeatsDestructiveBeatsCollapse: Expected 'smashing returns fewer studs' to be true.
     Gridlands.Game.BuildingV1.WinchesterHouseFrameFinishCollapseAndPersistence: Expected 'every WINCHESTER check holds [smashing a bay wall: fewer studs, more scrap: stud 3, scrap_timber 1, timber_plank 2] ' to be true.
B22-salvage-overflow-silently-lost CAUGHT (1 test(s) by assertion)
     Gridlands.Game.BuildingV1.BaseStorageClaimsAndContainersNeverLoseAnything: Expected 'full: the finishing hit is refused' to be false.
B23-removal-return-overflow-silently-lost RUN DIED (no new test report): not a catch
B24-stack-limit-bypassed CAUGHT (4 test(s) by assertion)
     Gridlands.Core.BuildingV1.MaterialPoolIsOrderedAndAllOrNothing: Expected 'more than all of them hold: refused' to be false.
     Gridlands.Core.Inventory.StacksAndCapacity: Expected 'as three stacks' to be 3, but it was 1.
     Gridlands.Game.Inventory.InventoryFullIsAnnouncedNotWeight: Expected 'the last slot fills' to be 100, but it was 105.
     Gridlands.Game.Inventory.RestoreNeverDiscardsOverflow: Expected 'over capacity, a new pickup is refused' to be 0, but it was 1.
B25-restore-discards-overflow CAUGHT (1 test(s) by assertion)
     Gridlands.Game.Inventory.RestoreNeverDiscardsOverflow: Expected 'every stone restored' to be 3253, but it was 3200.
B26-personal-inventory-consumed-before-storage CAUGHT (3 test(s) by assertion)
     Gridlands.Game.BuildingV1.BaseStorageClaimsAndContainersNeverLoseAnything: Expected 'the nearest crate first' to be 0, but it was 4.
     Gridlands.Game.BuildingV1.WinchesterHouseFrameFinishCollapseAndPersistence: Expected 'a log sawn into studs' to be true.
     Gridlands.Game.Grid.PlayerConstructionStreamsWholeAndAFallResumes: Expected 'back: every piece, yaw, layer, content and owner exactly as left' to be "50 pieces (1 debris, 24 layers, 50 player-owned) crc dc223d03", but it
B27-partial-consumption-on-a-refused-operation CAUGHT (1 test(s) by assertion)
     Gridlands.Core.BuildingV1.MaterialPoolIsOrderedAndAllOrNothing: Expected 'and nothing was taken (all or nothing)' to be 17, but it was 0.
B28-container-contents-lost-on-collapse CAUGHT (1 test(s) by assertion)
     Gridlands.Game.BuildingV1.BaseStorageClaimsAndContainersNeverLoseAnything: Expected 'its contents stay with its debris' to be true.
B29-container-contents-lost-on-restore CAUGHT (3 test(s) by assertion)
     Gridlands.Game.BuildingV1.BaseStorageClaimsAndContainersNeverLoseAnything: Expected 'restored debris keeps its contents' to be true.
     Gridlands.Game.BuildingV1.WinchesterHouseFrameFinishCollapseAndPersistence: Expected 'every piece, yaw, layer, content and owner is back exactly' to be "52 pieces (0 debris, 24 layers, 52 player-owned) crc cc183b2b", but
     Gridlands.Game.Grid.PlayerConstructionStreamsWholeAndAFallResumes: Expected 'back: every piece, yaw, layer, content and owner exactly as left' to be "50 pieces (1 debris, 24 layers, 50 player-owned) crc ceb54760", but it
B30-storage-anywhere-is-connected CAUGHT (1 test(s) by assertion)
     Gridlands.Game.BuildingV1.BaseStorageClaimsAndContainersNeverLoseAnything: Expected 'away from the base, only Zenny's inventory' to be 0, but it was 2.
B31-a-falling-container-still-supplies CAUGHT (1 test(s) by assertion)
     Gridlands.Game.BuildingV1.BaseStorageClaimsAndContainersNeverLoseAnything: a falling crate leaves the sources at once (support failure, not impact): The two values are not equal.
B32-overlapping-claims-allowed CAUGHT (1 test(s) by assertion)
     Gridlands.Game.BuildingV1.BaseStorageClaimsAndContainersNeverLoseAnything: Expected 'P11: a second base core whose claim overlaps is refused' to be false.
B40-storing-removes-what-did-not-fit SURVIVED
B41-taking-leaves-nothing-behind SURVIVED
B33-renewal-ignores-player-ownership CAUGHT (1 test(s) by assertion)
     Gridlands.Core.BuildingV1.ClaimsAreDerivedAndRenewalNeverTouchesPlayerConstruction: Expected 'renewal never touches player construction, anywhere' to be false.
B34-renewal-ignores-claims CAUGHT (2 test(s) by assertion)
     Gridlands.Core.BuildingV1.ClaimsAreDerivedAndRenewalNeverTouchesPlayerConstruction: Expected 'nor authored content inside a claim' to be false.
     Gridlands.Game.BuildingV1.WorldRenewalNeverTouchesPlayerConstruction: authored inside a claim: never renewed: The two values are not equal.
B35-plan-rebuilt-without-the-anchor-turn CAUGHT (1 test(s) by assertion)
     Gridlands.Core.BuildingV1.APlanRebuiltAt45DegreesIsTheSameBuilding: Expected 'turned by exactly 45 degrees' to be 18, but it was 0.
B36-v0-pieces-migrate-without-their-look CAUGHT (1 test(s) by assertion)
     Gridlands.Core.BuildingV1.Version2SavesMigrateToVersion3Deterministically: the v0 timber wall becomes FRAME + its old look as a finish: The two values are not equal.
B37-v2-yaw-not-scaled CAUGHT (1 test(s) by assertion)
     Gridlands.Core.BuildingV1.Version2SavesMigrateToVersion3Deterministically: Expected 'yawQuarter 1 -> yawStep 36' to be 36, but it was 1.
B38-salvage-quality-lint-disabled CAUGHT (tooling assertion: FAIL: test_svq1_buildable_piece_needs_paths (test_gldata.RuleTests.test_svq1_buildable_piece_needs_paths))
     FAIL: test_svq1_buildable_piece_needs_paths (test_gldata.RuleTests.test_svq1_buildable_piece_needs_paths)
     FAIL: test_svq1_collapse_never_returns_the_careful_kit (test_gldata.RuleTests.test_svq1_collapse_never_returns_the_careful_kit)
     FAIL: test_svq1_violence_never_recovers_more (test_gldata.RuleTests.test_svq1_violence_never_recovers_more)
B39-unimplemented-phase-lint-disabled CAUGHT (tooling assertion: FAIL: test_ph2_no_content_for_an_unimplemented_phase (test_gldata.RuleTests.test_ph2_no_content_for_an_unimplemented_phase))
     FAIL: test_ph2_no_content_for_an_unimplemented_phase (test_gldata.RuleTests.test_ph2_no_content_for_an_unimplemented_phase)
RESULT: FAIL 34/41 planted defects caught by assertion
