  Intel(r) Implicit SPMD Program Compiler (Intel(r) ISPC), 1.24.0 (build commit  @ 20240919, LLVM 18.1.6)
[1/15] Compile SharedPCH.CoreUObject.Project.ValApi.ValExpApi.Cpp20.h
[2/15] Compile GLGlitchLifecycle.cpp
[3/15] Compile Module.GridlandsCore.gen.cpp
[4/15] Compile GridlandsCoreModule.cpp
[5/15] Compile PerModuleInline.gen.cpp
[6/15] Compile GLGlitchLifecycleTests.cpp
[7/15] Link libUnrealEditor-GridlandsCore.so
[8/15] Compile SharedPCH.UnrealEd.Project.ValApi.ValExpApi.Cpp20.h
[9/15] Compile GridlandsEditorModule.cpp
[10/15] Compile GridlandsGame.cpp
[11/15] Compile PerModuleInline.gen.cpp
[12/15] Compile PerModuleInline.gen.cpp
[13/15] Link libUnrealEditor-GridlandsGame.so
[14/15] Link libUnrealEditor-GridlandsEditor.so
Total time in Unreal Build Accelerator local executor: 28.85 seconds
Result: Succeeded
RESULT: PASS GridlandsEditor built
	Elapsed (wall clock) time (h:mm:ss or m:ss): 0:35.99
	Maximum resident set size (kbytes): 2120416
exit=0
