  local-terrain-1024m.json: done
  local-crossing-straight.json: done
  BUDGET BREACH local-crossing-straight.json: frameMsP99 = 10.521023999899626, budget 7.0
  2 result(s) checked against budgets.json: 1 breach(es)
RESULT: FAIL P5 regression budget breached (Tools/perf/budgets.json)
group=[straight] attempt=1 load start=1.40 end=8.81 gpu-before=6
  local-terrain-1024m.json: done
  local-crossing-straight.json: done
  2 result(s) checked against budgets.json: within budget
RESULT: PASS crossing runs finished (Saved/Perf/local-*)
group=[straight] attempt=2 load start=2.62 end=4.44 gpu-before=0
  local-crossing-reversal.json: done
  3 result(s) checked against budgets.json: within budget
RESULT: PASS crossing runs finished (Saved/Perf/local-*)
group=[reversal] attempt=1 load start=2.81 end=3.91 gpu-before=0
  local-crossing-sprint.json: done
  4 result(s) checked against budgets.json: within budget
RESULT: PASS crossing runs finished (Saved/Perf/local-*)
group=[sprint] attempt=1 load start=2.68 end=4.79 gpu-before=0
  local-crossing-teleport.json: done
  local-crossing-resume.json: done
  6 result(s) checked against budgets.json: within budget
RESULT: PASS crossing runs finished (Saved/Perf/local-*)
group=[teleport resume] attempt=1 load start=2.41 end=4.51 gpu-before=0
  local-roundtrips.json: done
  7 result(s) checked against budgets.json: within budget
RESULT: PASS crossing runs finished (Saved/Perf/local-*)
group=[roundtrips] attempt=1 load start=2.64 end=3.72 gpu-before=0
  7 result(s) checked against budgets.json: within budget
QUIETDONE PASS
