  dense-crossing-straight.json: done
  1 result(s) checked against budgets.json: within budget
RESULT: PASS crossing runs finished (Saved/Perf/dense-*)
group=[straight] attempt=1 load start=2.61 end=5.66 gpu-before=0
  dense-crossing-reversal.json: done
  2 result(s) checked against budgets.json: within budget
RESULT: PASS crossing runs finished (Saved/Perf/dense-*)
group=[reversal] attempt=1 load start=2.56 end=3.36 gpu-before=0
  dense-crossing-sprint.json: done
  BUDGET BREACH dense-crossing-sprint.json: streamingGameThreadMsWorst = 15.25043707806617, budget 12.0
  3 result(s) checked against budgets.json: 1 breach(es)
RESULT: FAIL P5 regression budget breached (Tools/perf/budgets.json)
group=[sprint] attempt=1 load start=2.77 end=5.59 gpu-before=0
  dense-crossing-teleport.json: done
  dense-crossing-resume.json: done
  BUDGET BREACH dense-crossing-sprint.json: streamingGameThreadMsWorst = 15.25043707806617, budget 12.0
  5 result(s) checked against budgets.json: 1 breach(es)
RESULT: FAIL P5 regression budget breached (Tools/perf/budgets.json)
group=[teleport resume] attempt=1 load start=2.58 end=6.21 gpu-before=0
  dense-roundtrips.json: done
  BUDGET BREACH dense-crossing-sprint.json: streamingGameThreadMsWorst = 15.25043707806617, budget 12.0
  6 result(s) checked against budgets.json: 1 breach(es)
RESULT: FAIL P5 regression budget breached (Tools/perf/budgets.json)
group=[roundtrips] attempt=1 load start=2.66 end=3.61 gpu-before=1
  BUDGET BREACH dense-crossing-sprint.json: streamingGameThreadMsWorst = 15.25043707806617, budget 12.0
  6 result(s) checked against budgets.json: 1 breach(es)
QUIETDONE FAIL
