  dense-crossing-straight.json: done
  1 result(s) checked against budgets.json: within budget
RESULT: PASS crossing runs finished (Saved/Perf/dense-*)
group=[straight] attempt=1 load start=2.68 end=3.16 gpu-before=0
  dense-crossing-reversal.json: done
  2 result(s) checked against budgets.json: within budget
RESULT: PASS crossing runs finished (Saved/Perf/dense-*)
group=[reversal] attempt=1 load start=2.69 end=3.98 gpu-before=0
  dense-crossing-sprint.json: done
  3 result(s) checked against budgets.json: within budget
RESULT: PASS crossing runs finished (Saved/Perf/dense-*)
group=[sprint] attempt=1 load start=2.74 end=4.30 gpu-before=0
  dense-crossing-teleport.json: done
  dense-crossing-resume.json: done
  5 result(s) checked against budgets.json: within budget
RESULT: PASS crossing runs finished (Saved/Perf/dense-*)
group=[teleport resume] attempt=1 load start=2.83 end=5.16 gpu-before=0
  dense-roundtrips.json: done
  6 result(s) checked against budgets.json: within budget
RESULT: PASS crossing runs finished (Saved/Perf/dense-*)
group=[roundtrips] attempt=1 load start=2.94 end=4.91 gpu-before=0
  6 result(s) checked against budgets.json: within budget
QUIETDONE PASS
