M1-salvaged-node-is-presented-anyway CAUGHT (4 tests)
M2-defeated-creature-is-remade CAUGHT (3 tests)
M3-glitch-actor-starts-latent-not-from-its-model CAUGHT (1 tests)
M4-glitch-changes-never-reach-the-model CAUGHT (7 tests)
M5-creature-death-never-reaches-the-model CAUGHT (5 tests)
M6-salvage-never-reaches-the-model CAUGHT (6 tests)
M7-restore-skips-the-unpresented-model CAUGHT (5 tests)
M8-save-reads-only-presented-glitches CAUGHT (3 tests)
M9-unload-keeps-waiting-actors CAUGHT (3 tests)
M10-retired-node-stays-live CAUGHT (3 tests)
M11-retired-actors-never-destroyed CAUGHT (5 tests)
M12-actor-presentation-ignores-the-budget CAUGHT (1 tests)
L1-instanced-grass-never-culled CAUGHT (1 tests)
L2-visual-cull-distance-ignored CAUGHT (1 tests)
L3-cull-distance-in-the-wrong-unit CAUGHT (1 tests)
L4-visual-mesh-carries-collision CAUGHT (3 tests)
L5-budget-tightened-below-the-built-mesh CAUGHT (1 tests)
L6-screen-size-drifts-from-the-built-mesh CAUGHT (1 tests)
L7-budget-declares-a-lod-the-mesh-lacks CAUGHT (1 tests)
RESULT: PASS 19/19 planted defects caught
